HI-TECH Software C Compiler 

Linker command line:

\
  --edf=C:\Program Files (x86)\HI-TECH Software\PICC-18\PRO\9.63\dat\en_msgs.txt \
  -cs -h+HW4-DoorLock.sym -z -Q18F4620 -ol.obj -MHW4-DoorLock.map -E1 \
  -ACODE=00h-0FFFFh -ACONST=00h-0FFFFh -ASMALLCONST=01000h-010FFhx240 \
  -AMEDIUMCONST=01000h-0FFFFh -ARAM=00h-0FFhx15,0F00h-0F7Fh \
  -ABIGRAM=00h-0F7Fh -ACOMRAM=00h-07Fh -AABS1=00h-0F7Fh -ABANK0=00h-0FFh \
  -ABANK1=0100h-01FFh -ABANK2=0200h-02FFh -ABANK3=0300h-03FFh \
  -ABANK4=0400h-04FFh -ABANK5=0500h-05FFh -ABANK6=0600h-06FFh \
  -ABANK7=0700h-07FFh -ABANK8=0800h-08FFh -ABANK9=0900h-09FFh \
  -ABANK10=0A00h-0AFFh -ABANK11=0B00h-0BFFh -ABANK12=0C00h-0CFFh \
  -ABANK13=0D00h-0DFFh -ABANK14=0E00h-0EFFh -ABANK15=0F00h-0F7Fh \
  -ANVRAM=0F00h-0F7Fh \
  -preset_vec=00h,intcode,intcodelo,powerup,init,end_init -pramtop=01000h \
  -psmallconst=SMALLCONST -pmediumconst=MEDIUMCONST -pconst=CONST \
  -prparam=COMRAM -AFARRAM=00h-00h -ACONFIG=0300000h-030000Dh \
  -pconfig=CONFIG -AIDLOC=0200000h-0200007h -pidloc=IDLOC \
  -AEEDATA=0F00000h-0F003FFh -peeprom_data=EEDATA \
  -prdata=COMRAM,nvrram=COMRAM,nvbit=COMRAM,rbss=COMRAM,rbit=COMRAM \
  -pfarbss=FARRAM,fardata=FARRAM \
  -pintsave_regs=BIGRAM,bigbss=BIGRAM,bigdata=BIGRAM -pbss=RAM \
  -pidata=CODE,irdata=CODE,ibigdata=CODE,ifardata=CODE startup.obj \
  HW4-DoorLock.obj 

Object code version is 3.10

Machine type is 18F4620

Call graph: (short form)

*_main size 0,83 offset 0
     _LCD_Init size 0,0 offset 83
         _LCD_Inst size 0,1 offset 84
             _LCD_Strobe size 0,0 offset 85
                 _LCD_Pause size 0,0 offset 85
             _Wait_ms size 2,2 offset 85
         _Wait_ms size 2,2 offset 85
*    _Wait_ms size 2,2 offset 85
*    _LCD_Move size 1,0 offset 83
*        _LCD_Inst size 0,1 offset 84
     _LCD_Write size 0,1 offset 83
         _LCD_Strobe size 0,0 offset 85

Estimated maximum call depth: 4


                Name          Link     Load   Length Selector Space Scale
startup.obj     init             0        0        4       0     0
HW4-DoorLock.obj
                smallcons     1000     1000       52     800     0
                text7         1304     1304        C     829     0
                text6         12F2     12F2       12     829     0
                pa_nodes      120A     120A       36     829     0
                text5         12A4     12A4       28     829     0
                text1         12CC     12CC       26     829     0
                text0         1052     1052      17E     829     0
                text4         1274     1274       30     829     0
                text3         1240     1240       34     829     0
                text2         11D0     11D0       3A     829     0

COMMON          rparam           0        0       59       0     1

TOTAL           Name          Link     Load   Length  Space
        CLASS   CODE           
                init             0        0        4     0
                text7         1304     1304        C     0
                text6         12F2     12F2       12     0
                pa_nodes      120A     120A       36     0
                text5         12A4     12A4       28     0
                text1         12CC     12CC       26     0
                text0         1052     1052      17E     0
                text4         1274     1274       30     0
                text3         1240     1240       34     0
                text2         11D0     11D0       3A     0

        CLASS   CONST          

        CLASS   SMALLCONST     
                smallcons     1000     1000       52     0

        CLASS   MEDIUMCONST    

        CLASS   RAM            

        CLASS   BIGRAM         

        CLASS   COMRAM         
                rparam           0        0       59     1

        CLASS   ABS1           

        CLASS   BANK0          

        CLASS   BANK1          

        CLASS   BANK2          

        CLASS   BANK3          

        CLASS   BANK4          

        CLASS   BANK5          

        CLASS   BANK6          

        CLASS   BANK7          

        CLASS   BANK8          

        CLASS   BANK9          

        CLASS   BANK10         

        CLASS   BANK11         

        CLASS   BANK12         

        CLASS   BANK13         

        CLASS   BANK14         

        CLASS   BANK15         

        CLASS   NVRAM          

        CLASS   FARRAM         

        CLASS   CONFIG         

        CLASS   IDLOC          

        CLASS   EEDATA         



SEGMENTS        Name           Load    Length   Top     Selector    Space Class

                rparam          000000  000059  000059         0       1  COMRAM  
                reset_vec       000000  000004  000004         0       0  CODE    
                smallconst      001000  000052  001052       800       0  SMALLCON
                idata           001052  0002BE  001310       829       0  CODE    


UNUSED ADDRESS RANGES

        BANK0            000059-0000FF
        BANK1            000100-0001FF
        BANK10           000A00-000AFF
        BANK11           000B00-000BFF
        BANK12           000C00-000CFF
        BANK13           000D00-000DFF
        BANK14           000E00-000EFF
        BANK15           000F00-000F7F
        BANK2            000200-0002FF
        BANK3            000300-0003FF
        BANK4            000400-0004FF
        BANK5            000500-0005FF
        BANK6            000600-0006FF
        BANK7            000700-0007FF
        BANK8            000800-0008FF
        BANK9            000900-0009FF
        BIGRAM           000059-000F7F
        CODE             000004-000FFF
                         001310-00FFFF
        COMRAM           000059-00007F
        CONFIG           300000-30000D
        CONST            000004-000FFF
                         001310-00FFFF
        EEDATA           F00000-F003FF
        IDLOC            200000-200007
        MEDIUMCONST      001310-00FFFF
        NVRAM            000F00-000F7F
        RAM              000059-000F7F
        SMALLCONST       001310-00FFFF

                                  Symbol Table

??_LCD_Init         rparam       000053
??_LCD_Inst         rparam       000054
??_LCD_Move         rparam       000054
??_LCD_Pause        rparam       000055
??_LCD_Strobe       rparam       000055
??_LCD_Write        rparam       000053
??_Wait_ms          rparam       000057
??_main             rparam       000000
?_LCD_Init          rparam       000053
?_LCD_Inst          rparam       000054
?_LCD_Move          rparam       000053
?_LCD_Pause         rparam       000055
?_LCD_Strobe        rparam       000055
?_LCD_Write         rparam       000053
?_Wait_ms           rparam       000055
?_main              rparam       000000
F1449               smallconst   001001
F1451               smallconst   001015
F1453               smallconst   001029
F1455               smallconst   00103D
LCD_Move@Col        rparam       000053
Wait_ms@X           rparam       000055
Wait_ms@j           rparam       000057
_ADCON1             (abs)        000FC1
_LCD_Init           text3        001240
_LCD_Inst           text4        001274
_LCD_Move           text2        0011D0
_LCD_Pause          text7        001304
_LCD_Strobe         text6        0012F2
_LCD_Write          text1        0012CC
_PORTD              (abs)        000F83
_RB0                (abs)        007C08
_RB1                (abs)        007C09
_RB2                (abs)        007C0A
_RB3                (abs)        007C0B
_RC0                (abs)        007C10
_RD1                (abs)        007C19
_RD2                (abs)        007C1A
_RD3                (abs)        007C1B
_TRISA              (abs)        000F92
_TRISB              (abs)        000F93
_TRISC              (abs)        000F94
_TRISD              (abs)        000F95
_TRISE              (abs)        000F96
_Wait_ms            text5        0012A4
__Bnvbit            nvbit        000059
__Brbit             rbit         000059
__HRAM              (abs)        000000
__Hbigbss           bigbss       000059
__Hbigdata          bigdata      000059
__Hbss              bss          000059
__Hclrtext          clrtext      001052
__Hconfig           config       300000
__Hconst            const        001052
__Hdata             data         001052
__Heeprom_data      eeprom_data  F00000
__Hend_init         end_init     000004
__Hfarbss           farbss       000000
__Hfardata          fardata      000000
__Hibigdata         ibigdata     001052
__Hidata            idata        001052
__Hidloc            idloc        200000
__Hifardata         ifardata     001052
__Hinit             init         000004
__Hintcode          intcode      000000
__Hintcodelo        intcodelo    000000
__Hintentry         intentry     001052
__Hintret           intret       001052
__Hintsave_regs     intsave_regs 000059
__Hirdata           irdata       001052
__Hmediumconst      mediumconst  001052
__Hnvbit            nvbit        0002C8
__Hnvram            nvram        001052
__Hnvrram           nvrram       000059
__Hpa_nodes         pa_nodes     001052
__Hparam            rparam       000059
__Hparam0           param0       001052
__Hparam1           param1       001052
__Hparam10          param10      001052
__Hparam11          param11      001052
__Hparam12          param12      001052
__Hparam13          param13      001052
__Hparam14          param14      001052
__Hparam15          param15      001052
__Hparam2           param2       001052
__Hparam3           param3       001052
__Hparam4           param4       001052
__Hparam5           param5       001052
__Hparam6           param6       001052
__Hparam7           param7       001052
__Hparam8           param8       001052
__Hparam9           param9       001052
__Hpowerup          powerup      000000
__Hramtop           ramtop       001000
__Hrbit             rbit         0002C8
__Hrbss             rbss         000059
__Hrdata            rdata        000059
__Hreset_vec        reset_vec    000000
__Hrparam           rparam       000059
__Hsmallconst       smallconst   001052
__Hstruct           struct       000059
__Htemp             temp         000059
__Htext             text         001052
__Htext0            text0        001052
__Htext1            text1        001052
__Htext2            text2        001052
__Htext3            text3        001052
__Htext4            text4        001052
__Htext5            text5        001052
__Htext6            text6        001052
__Htext7            text7        001052
__LRAM              (abs)        000001
__Lbigbss           bigbss       000059
__Lbigdata          bigdata      000059
__Lbss              bss          000059
__Lclrtext          clrtext      001052
__Lconfig           config       300000
__Lconst            const        001052
__Ldata             (abs)        000000
__Leeprom_data      eeprom_data  F00000
__Lend_init         end_init     000004
__Lfarbss           farbss       000000
__Lfardata          fardata      000000
__Libigdata         ibigdata     001052
__Lidata            idata        001052
__Lidloc            idloc        200000
__Lifardata         ifardata     001052
__Linit             init         000000
__Lintcode          intcode      000000
__Lintcodelo        intcodelo    000000
__Lintentry         intentry     001052
__Lintret           intret       001052
__Lintsave_regs     intsave_regs 000059
__Lirdata           irdata       001052
__Lmediumconst      mediumconst  001052
__Lnvbit            nvbit        0002C8
__Lnvram            nvram        001052
__Lnvrram           nvrram       000059
__Lpa_nodes         pa_nodes     001052
__Lparam            rparam       000000
__Lparam0           param0       001052
__Lparam1           param1       001052
__Lparam10          param10      001052
__Lparam11          param11      001052
__Lparam12          param12      001052
__Lparam13          param13      001052
__Lparam14          param14      001052
__Lparam15          param15      001052
__Lparam2           param2       001052
__Lparam3           param3       001052
__Lparam4           param4       001052
__Lparam5           param5       001052
__Lparam6           param6       001052
__Lparam7           param7       001052
__Lparam8           param8       001052
__Lparam9           param9       001052
__Lpowerup          powerup      000000
__Lramtop           ramtop       001000
__Lrbit             rbit         0002C8
__Lrbss             rbss         000059
__Lrdata            rdata        000059
__Lreset_vec        reset_vec    000000
__Lrparam           rparam       000000
__Lsmallconst       smallconst   001000
__Lstruct           struct       000059
__Ltemp             temp         000059
__Ltext             text         001052
__Ltext0            text0        001052
__Ltext1            text1        001052
__Ltext2            text2        001052
__Ltext3            text3        001052
__Ltext4            text4        001052
__Ltext5            text5        001052
__Ltext6            text6        001052
__Ltext7            text7        001052
__S0                (abs)        F00000
__S1                (abs)        000F00
__accesstop         (abs)        000080
__activetblptr      (abs)        000003
__end_of_LCD_Init   text3        001274
__end_of_LCD_Inst   text4        0012A4
__end_of_LCD_Move   text2        00120A
__end_of_LCD_Pause  text7        001310
__end_of_LCD_Strobe text6        001304
__end_of_LCD_Write  text1        0012F2
__end_of_Wait_ms    text5        0012CC
__end_of_main       text0        0011D0
__mediumconst       mediumconst  001052
__ramtop            ramtop       001000
__smallconst        smallconst   001000
_exit               init         000000
_main               text0        001052
intlevel0           text         001310
intlevel1           text         001310
intlevel2           text         001310
intlevel3           text         001310
main@MSG0           rparam       000002
main@MSG1           rparam       000016
main@MSG2           rparam       00002A
main@MSG3           rparam       00003E
main@i              rparam       000000
start               init         000000
